<?xml version="1.0" encoding="UTF-8"?>
<testng-results ignored="0" total="4" passed="4" failed="0" skipped="0">
  <reporter-output>
  </reporter-output>
  <suite started-at="2022-11-12T08:41:48 IST" name="API Test for QTRIP" finished-at="2022-11-12T08:42:05 IST" duration-ms="17103">
    <groups>
      <group name="API TESTING">
        <method signature="testCase_API_01.TestCase01()[pri:1, instance:qtriptest.APITests.testCase_API_01@14fc5f04]" name="TestCase01" class="qtriptest.APITests.testCase_API_01"/>
        <method signature="testCase_API_02.TestCase02()[pri:2, instance:qtriptest.APITests.testCase_API_02@5b7a7f33]" name="TestCase02" class="qtriptest.APITests.testCase_API_02"/>
        <method signature="testCase_API_03.TestCase03()[pri:3, instance:qtriptest.APITests.testCase_API_03@15888343]" name="TestCase03" class="qtriptest.APITests.testCase_API_03"/>
        <method signature="testCase_API_04.Testcase04()[pri:4, instance:qtriptest.APITests.testCase_API_04@33ecda92]" name="Testcase04" class="qtriptest.APITests.testCase_API_04"/>
      </group> <!-- API TESTING -->
    </groups>
    <test started-at="2022-11-12T08:41:48 IST" name="TestCase" finished-at="2022-11-12T08:42:05 IST" duration-ms="17103">
      <class name="qtriptest.APITests.testCase_API_01">
        <test-method signature="TestCase01()[pri:1, instance:qtriptest.APITests.testCase_API_01@14fc5f04]" started-at="2022-11-12T08:42:03 IST" name="TestCase01" finished-at="2022-11-12T08:42:05 IST" duration-ms="2630" status="PASS">
          <reporter-output>
          </reporter-output>
        </test-method> <!-- TestCase01 -->
      </class> <!-- qtriptest.APITests.testCase_API_01 -->
      <class name="qtriptest.APITests.testCase_API_02">
        <test-method signature="TestCase02()[pri:2, instance:qtriptest.APITests.testCase_API_02@5b7a7f33]" started-at="2022-11-12T08:41:48 IST" name="TestCase02" finished-at="2022-11-12T08:41:55 IST" duration-ms="6392" status="PASS">
          <reporter-output>
          </reporter-output>
        </test-method> <!-- TestCase02 -->
      </class> <!-- qtriptest.APITests.testCase_API_02 -->
      <class name="qtriptest.APITests.testCase_API_03">
        <test-method signature="TestCase03()[pri:3, instance:qtriptest.APITests.testCase_API_03@15888343]" started-at="2022-11-12T08:41:55 IST" name="TestCase03" finished-at="2022-11-12T08:42:00 IST" duration-ms="5309" status="PASS">
          <reporter-output>
          </reporter-output>
        </test-method> <!-- TestCase03 -->
      </class> <!-- qtriptest.APITests.testCase_API_03 -->
      <class name="qtriptest.APITests.testCase_API_04">
        <test-method signature="Testcase04()[pri:4, instance:qtriptest.APITests.testCase_API_04@33ecda92]" started-at="2022-11-12T08:42:00 IST" name="Testcase04" finished-at="2022-11-12T08:42:03 IST" duration-ms="2638" status="PASS">
          <reporter-output>
          </reporter-output>
        </test-method> <!-- Testcase04 -->
      </class> <!-- qtriptest.APITests.testCase_API_04 -->
    </test> <!-- TestCase -->
  </suite> <!-- API Test for QTRIP -->
</testng-results>
